
+--------------+--------------+--------------+--------------+--------------+--------------+
| Database     | Table        | FieldNum     | RecordLength | StorageModel | IndexNum     | 
|              |              |              |              |              |              | 
+--------------+--------------+--------------+--------------+--------------+--------------+
| db2024       | item         | 5            | 86           | NARY         | 0            | 
+--------------+--------------+--------------+--------------+--------------+--------------+
Total tuple(s): 1

+--------------+--------------+--------------+--------------+--------------+--------------+
| Database     | Table        | FieldNum     | RecordLength | StorageModel | IndexNum     | 
|              |              |              |              |              |              | 
+--------------+--------------+--------------+--------------+--------------+--------------+
| db2024       | stock        | 17           | 314          | NARY         | 0            | 
+--------------+--------------+--------------+--------------+--------------+--------------+
Total tuple(s): 1
