
+--------------+--------------+--------------+--------------+
| i_id         | s_i_id       | i_name       | s_quantity   | 

+--------------+--------------+--------------+--------------+
| i_id         | s_i_id       | i_name       | s_quantity   | 
